// Jest Snapshot v1, https://goo.gl/fbAQLP

exports[`<v-hello-world/> should render correct contents 1`] = `"Hello World"`;
